payer 0x3958A649b41cd7C8561F4233cC0F5b0469Bc98E0
payee 0x5c8AaBa0Fb346c116400cCf58a249c34db6a0d91

notary      0x9A815c2667ce2b45AB1C3da3592AF7C998db8aa0
settlement  0x2Cd0344Fc2C1480b7CD1FeD55e0F8C84EDeEEbB1
  [PASS] settlement exposes 32 methods  32
  [PASS] no simulation method is published

1. settle does not claim a payment
  [PASS] state is `sent`, not `delivered`  sent
  [PASS] total_paid_out did not move
  [PASS] one attempt recorded  1
  [PASS] still listed as outstanding  1 row(s)

2. once the funds are gone, recovery is refused as delivered
  [PASS] recover refused  ERROR
  [PASS] refused because it was delivered, not because of the wait  [EXPECTED] escrow 4 was delivered; confirm_payout instead
  [PASS] retry refused  ERROR

3. confirm_payout moves the total exactly once
  [PASS] moved by one escrow's worth  2500000000000000000 -> 3500000000000000000
  [PASS] second confirm did nothing  3500000000000000000 -> 3500000000000000000
  [PASS] escrow left the outstanding list

4. premature settle is refused, and the payer reclaim works live
  [PASS] unfunded settle refused  ERROR
  [PASS] for lack of funding, not for anything else  [EXPECTED] escrow 5 is not fully funded: 0 of 10000000000000
  [PASS] attested, nothing emitted, nothing booked
  [PASS] absent from payment instructions  absent from get_pending_payouts
  [PASS] no dead-end obligation created  absent from get_unfunded_obligations
